
Discarded input sections

 .comment       0x0000000000000000       0x13 bin/kernel/kernel.o
 .comment       0x0000000000000000       0x13 bin/drivers/vga.o

Memory Configuration

Name             Origin             Length             Attributes
*default*        0x0000000000000000 0xffffffffffffffff

Linker script and memory map

                0x0000000000001000                . = 0x1000

.text           0x0000000000001000      0x6cb
 *(.text)
 .text          0x0000000000001000        0x7 bin/bootloader/entry.o
                0x0000000000001000                _start
 .text          0x0000000000001007      0x187 bin/kernel/kernel.o
                0x0000000000001007                main
                0x000000000000101a                print_info
 .text          0x000000000000118e      0x521 bin/drivers/vga.o
                0x000000000000118e                init_text_vga
                0x00000000000011bc                printf
                0x000000000000121d                move_pos
                0x0000000000001247                change_color
                0x000000000000125f                change_cursor
                0x000000000000136b                disable_cursor
                0x0000000000001398                putchar
                0x0000000000001423                read_char
                0x0000000000001451                print_arg
                0x0000000000001583                new_line
                0x000000000000163a                move_cursor
 *fill*         0x00000000000016af        0x1 
 .text          0x00000000000016b0       0x1b bin/drivers/io.o
                0x00000000000016b0                outb
                0x00000000000016bf                inb

.rodata         0x00000000000016cb      0x151
 .rodata        0x00000000000016cb      0x151 bin/kernel/kernel.o

.iplt           0x000000000000181c        0x0
 .iplt          0x000000000000181c        0x0 bin/bootloader/entry.o

.rel.dyn        0x000000000000181c        0x0
 .rel.got       0x000000000000181c        0x0 bin/bootloader/entry.o
 .rel.iplt      0x000000000000181c        0x0 bin/bootloader/entry.o

.data           0x000000000000181c        0x0
 *(.data)
 .data          0x000000000000181c        0x0 bin/kernel/kernel.o
 .data          0x000000000000181c        0x0 bin/drivers/vga.o

.got            0x000000000000181c        0x0
 .got           0x000000000000181c        0x0 bin/bootloader/entry.o

.got.plt        0x000000000000181c        0x0
 .got.plt       0x000000000000181c        0x0 bin/bootloader/entry.o

.igot.plt       0x000000000000181c        0x0
 .igot.plt      0x000000000000181c        0x0 bin/bootloader/entry.o

.bss            0x000000000000181c       0x10
 *(.bss)
 .bss           0x000000000000181c        0x0 bin/kernel/kernel.o
 .bss           0x000000000000181c       0x10 bin/drivers/vga.o
                0x000000000000181c                VIDEO
 *(COMMON)

/DISCARD/
 *(.comment)
 *(.note*)
LOAD bin/bootloader/entry.o
LOAD bin/kernel/kernel.o
LOAD bin/drivers/vga.o
LOAD bin/drivers/io.o
OUTPUT(./bin/full_kernel.elf elf32-i386)

.debug_info     0x0000000000000000      0x5d1
 .debug_info    0x0000000000000000      0x12c bin/kernel/kernel.o
 .debug_info    0x000000000000012c      0x4a5 bin/drivers/vga.o

.debug_abbrev   0x0000000000000000      0x2c0
 .debug_abbrev  0x0000000000000000       0xc0 bin/kernel/kernel.o
 .debug_abbrev  0x00000000000000c0      0x200 bin/drivers/vga.o

.debug_aranges  0x0000000000000000       0x40
 .debug_aranges
                0x0000000000000000       0x20 bin/kernel/kernel.o
 .debug_aranges
                0x0000000000000020       0x20 bin/drivers/vga.o

.debug_line     0x0000000000000000      0x328
 .debug_line    0x0000000000000000       0x9b bin/kernel/kernel.o
 .debug_line    0x000000000000009b      0x28d bin/drivers/vga.o

.debug_str      0x0000000000000000      0x22f
 .debug_str     0x0000000000000000       0xd5 bin/kernel/kernel.o
                                        0x103 (size before relaxing)
 .debug_str     0x00000000000000d5      0x15a bin/drivers/vga.o
                                        0x282 (size before relaxing)

.debug_line_str
                0x0000000000000000       0xe3
 .debug_line_str
                0x0000000000000000       0x67 bin/kernel/kernel.o
                                         0x93 (size before relaxing)
 .debug_line_str
                0x0000000000000067       0x7c bin/drivers/vga.o
                                         0xd9 (size before relaxing)

.debug_frame    0x0000000000000000      0x1c8
 .debug_frame   0x0000000000000000       0x54 bin/kernel/kernel.o
 .debug_frame   0x0000000000000054      0x174 bin/drivers/vga.o
