
Discarded input sections

 .comment       0x0000000000000000       0x13 bin/kernel/kernel.o
 .comment       0x0000000000000000       0x13 bin/kernel/drivers/vga.o
 .comment       0x0000000000000000       0x13 bin/kernel/memory/memory.o
 .comment       0x0000000000000000       0x13 bin/kernel/memory/paging/paging.o

Memory Configuration

Name             Origin             Length             Attributes
*default*        0x0000000000000000 0xffffffffffffffff

Linker script and memory map

                0x0000000000008400                . = 0x8400

.text           0x0000000000008400      0xded
 *(.text)
 .text          0x0000000000008400      0x24a bin/kernel/kernel.o
                0x0000000000008400                main
                0x0000000000008416                putinfo
 .text          0x000000000000864a      0x684 bin/kernel/drivers/vga.o
                0x000000000000864a                printf
                0x0000000000008773                putchar
                0x0000000000008815                newline
                0x00000000000088ca                putarg
                0x0000000000008ada                readc
                0x0000000000008b11                mvpos
                0x0000000000008b43                chgcol
                0x0000000000008b63                mvcurs
                0x0000000000008bd0                chgcurs
                0x0000000000008ca9                disblcurs
 .text          0x0000000000008cce      0x16e bin/kernel/memory/memory.o
                0x0000000000008cce                initmem
                0x0000000000008d4c                getmem
                0x0000000000008d59                putmap
 *fill*         0x0000000000008e3c        0x4 
 .text          0x0000000000008e40      0x32b bin/kernel/memory/paging/paging.o
                0x0000000000008e40                setpagflag
                0x0000000000008e52                rempagflag
                0x0000000000008e64                setpaeflag
                0x0000000000008e74                setpagreg
                0x0000000000008e83                addpml4t
                0x0000000000008ec2                delpml4t
                0x0000000000008eff                addpdpt
                0x0000000000008f65                delpdpt
                0x0000000000008fc5                addpagedir
                0x000000000000902b                delpagdir
                0x000000000000908b                addpagtable
                0x000000000000910b                delpagtable
 *fill*         0x000000000000916b        0x5 
 .text          0x0000000000009170       0x1d bin/kernel/drivers/io.o
                0x0000000000009170                outb
                0x0000000000009180                inb
 *fill*         0x000000000000918d        0x3 
 .text          0x0000000000009190       0x5d bin/kernel/misc/lib.o
                0x0000000000009190                halt
                0x000000000000919a                chkcpuid
                0x00000000000091ca                chk64bit

.iplt           0x00000000000091ed        0x0
 .iplt          0x00000000000091ed        0x0 bin/kernel/kernel.o

.rodata         0x00000000000091ed      0x1d3
 .rodata        0x00000000000091ed      0x184 bin/kernel/kernel.o
 .rodata        0x0000000000009371       0x4f bin/kernel/memory/memory.o

.eh_frame       0x00000000000093c0      0x2f8
 .eh_frame      0x00000000000093c0       0x58 bin/kernel/kernel.o
 .eh_frame      0x0000000000009418      0x140 bin/kernel/drivers/vga.o
                                        0x158 (size before relaxing)
 .eh_frame      0x0000000000009558       0x60 bin/kernel/memory/memory.o
                                         0x78 (size before relaxing)
 .eh_frame      0x00000000000095b8      0x100 bin/kernel/memory/paging/paging.o
                                        0x118 (size before relaxing)

.rela.dyn       0x00000000000096b8        0x0
 .rela.got      0x00000000000096b8        0x0 bin/kernel/kernel.o
 .rela.iplt     0x00000000000096b8        0x0 bin/kernel/kernel.o

.data           0x00000000000096c0       0x20
 *(.data)
 .data          0x00000000000096c0        0x0 bin/kernel/kernel.o
 .data          0x00000000000096c0       0x18 bin/kernel/drivers/vga.o
                0x00000000000096c0                VIDEO
 .data          0x00000000000096d8        0x8 bin/kernel/memory/memory.o
                0x00000000000096d8                MEMORY_MAP
 .data          0x00000000000096e0        0x0 bin/kernel/memory/paging/paging.o

.got            0x00000000000096e0        0x0
 .got           0x00000000000096e0        0x0 bin/kernel/kernel.o

.got.plt        0x00000000000096e0        0x0
 .got.plt       0x00000000000096e0        0x0 bin/kernel/kernel.o

.igot.plt       0x00000000000096e0        0x0
 .igot.plt      0x00000000000096e0        0x0 bin/kernel/kernel.o

.bss            0x00000000000096e0       0x10
 *(.bss)
 .bss           0x00000000000096e0        0x0 bin/kernel/kernel.o
 .bss           0x00000000000096e0        0x0 bin/kernel/drivers/vga.o
 .bss           0x00000000000096e0       0x10 bin/kernel/memory/memory.o
                0x00000000000096e0                ENTRY_COUNT
                0x00000000000096e8                USABLE_MEMORY
 .bss           0x00000000000096f0        0x0 bin/kernel/memory/paging/paging.o
 *(COMMON)

/DISCARD/
 *(.comment)
 *(.note*)
LOAD bin/kernel/kernel.o
LOAD bin/kernel/drivers/vga.o
LOAD bin/kernel/memory/memory.o
LOAD bin/kernel/memory/paging/paging.o
LOAD bin/kernel/drivers/io.o
LOAD bin/kernel/misc/lib.o
OUTPUT(bin/kernel/cyn_kernel.elf elf64-x86-64)

.debug_info     0x0000000000000000      0xed3
 .debug_info    0x0000000000000000      0x1a3 bin/kernel/kernel.o
 .debug_info    0x00000000000001a3      0x55b bin/kernel/drivers/vga.o
 .debug_info    0x00000000000006fe      0x1cb bin/kernel/memory/memory.o
 .debug_info    0x00000000000008c9      0x556 bin/kernel/memory/paging/paging.o
 .debug_info    0x0000000000000e1f       0x5b bin/kernel/drivers/io.o
 .debug_info    0x0000000000000e7a       0x59 bin/kernel/misc/lib.o

.debug_abbrev   0x0000000000000000      0x55d
 .debug_abbrev  0x0000000000000000      0x109 bin/kernel/kernel.o
 .debug_abbrev  0x0000000000000109      0x225 bin/kernel/drivers/vga.o
 .debug_abbrev  0x000000000000032e      0x10e bin/kernel/memory/memory.o
 .debug_abbrev  0x000000000000043c       0xeb bin/kernel/memory/paging/paging.o
 .debug_abbrev  0x0000000000000527       0x1b bin/kernel/drivers/io.o
 .debug_abbrev  0x0000000000000542       0x1b bin/kernel/misc/lib.o

.debug_aranges  0x0000000000000000      0x150
 .debug_aranges
                0x0000000000000000       0x30 bin/kernel/kernel.o
 .debug_aranges
                0x0000000000000030       0x30 bin/kernel/drivers/vga.o
 .debug_aranges
                0x0000000000000060       0x30 bin/kernel/memory/memory.o
 .debug_aranges
                0x0000000000000090       0x60 bin/kernel/memory/paging/paging.o
 .debug_aranges
                0x00000000000000f0       0x30 bin/kernel/drivers/io.o
 .debug_aranges
                0x0000000000000120       0x30 bin/kernel/misc/lib.o

.debug_line     0x0000000000000000      0x77e
 .debug_line    0x0000000000000000      0x103 bin/kernel/kernel.o
 .debug_line    0x0000000000000103      0x299 bin/kernel/drivers/vga.o
 .debug_line    0x000000000000039c       0xdc bin/kernel/memory/memory.o
 .debug_line    0x0000000000000478      0x235 bin/kernel/memory/paging/paging.o
 .debug_line    0x00000000000006ad       0x5b bin/kernel/drivers/io.o
 .debug_line    0x0000000000000708       0x76 bin/kernel/misc/lib.o

.debug_str      0x0000000000000000      0x4ef
 .debug_str     0x0000000000000000      0x4ef bin/kernel/kernel.o
                                        0x13c (size before relaxing)
 .debug_str     0x00000000000004ef      0x284 bin/kernel/drivers/vga.o
 .debug_str     0x00000000000004ef      0x12c bin/kernel/memory/memory.o
 .debug_str     0x00000000000004ef      0x360 bin/kernel/memory/paging/paging.o

.debug_line_str
                0x0000000000000000      0x1ac
 .debug_line_str
                0x0000000000000000      0x1ac bin/kernel/kernel.o
                                         0xee (size before relaxing)
 .debug_line_str
                0x00000000000001ac      0x11a bin/kernel/drivers/vga.o
 .debug_line_str
                0x00000000000001ac       0xfb bin/kernel/memory/memory.o
 .debug_line_str
                0x00000000000001ac       0xfa bin/kernel/memory/paging/paging.o

.debug_pubnames
                0x0000000000000000        0x0
 .debug_pubnames
                0x0000000000000000        0x0 bin/kernel/memory/paging/paging.o
 .debug_pubnames
                0x0000000000000000        0x0 bin/kernel/drivers/io.o
 .debug_pubnames
                0x0000000000000000        0x0 bin/kernel/misc/lib.o

.debug_frame    0x0000000000000000        0x0
 .debug_frame   0x0000000000000000        0x0 bin/kernel/memory/paging/paging.o
 .debug_frame   0x0000000000000000        0x0 bin/kernel/drivers/io.o
 .debug_frame   0x0000000000000000        0x0 bin/kernel/misc/lib.o

.debug_loc      0x0000000000000000        0x0
 .debug_loc     0x0000000000000000        0x0 bin/kernel/memory/paging/paging.o
 .debug_loc     0x0000000000000000        0x0 bin/kernel/drivers/io.o
 .debug_loc     0x0000000000000000        0x0 bin/kernel/misc/lib.o
